// Jest Snapshot v1, https://goo.gl/fbAQLP

exports[`ChakraUI Autocomplete  it renders 1`] = `
<div
  className="css-1010j8n"
>
  <div
    className="css-vy8xsp"
  >
    <h1
      className="chakra-heading css-h82jag"
    >
      Basic Example with Style Props
    </h1>
    <div
      className="chakra-stack css-1pifhv5"
    >
      <label
        className="chakra-form__label css-1l2u59i"
        htmlFor="downshift-0-input"
        id="downshift-0-label"
      >
        Choose preferred work locations
      </label>
      <div
        className="chakra-stack css-c7vfsi"
      />
      <div
        aria-expanded={false}
        aria-haspopup="listbox"
        aria-owns="downshift-0-menu"
        className="chakra-stack css-loe1j3"
        role="combobox"
      >
        <input
          aria-autocomplete="list"
          aria-controls="downshift-0-menu"
          aria-labelledby="downshift-0-label"
          autoComplete="off"
          className="chakra-input css-0"
          id="downshift-0-input"
          onBlur={[Function]}
          onChange={[Function]}
          onClick={[Function]}
          onFocus={[Function]}
          onKeyDown={[Function]}
          placeholder="Type a Country"
          value=""
        />
        <button
          aria-label="toggle menu"
          className="chakra-button css-oqfhsh"
          id="downshift-0-toggle-button"
          onClick={[Function]}
          tabIndex={-1}
          type="button"
        >
          <svg
            className="chakra-icon css-onkibi"
            focusable={false}
            viewBox="0 0 24 24"
          >
            <path
              d="M20 12l-1.41-1.41L13 16.17V4h-2v12.17l-5.58-5.59L4 12l8 8 8-8z"
              fill="currentColor"
            />
          </svg>
        </button>
      </div>
      <div
        className="css-vm1uz1"
      >
        <ul
          aria-labelledby="downshift-0-label"
          className="css-1jrokhb"
          id="downshift-0-menu"
          onMouseLeave={[Function]}
          role="listbox"
        />
      </div>
    </div>
    <div
      className="css-kkyj92"
    />
    <h1
      className="chakra-heading css-h82jag"
    >
      Basic Example with Custom Renderer
    </h1>
    <div
      className="chakra-stack css-1pifhv5"
    >
      <label
        className="chakra-form__label css-uvho5g"
        htmlFor="downshift-1-input"
        id="downshift-1-label"
      >
        Choose preferred work locations
      </label>
      <div
        className="chakra-stack css-c7vfsi"
      />
      <div
        aria-expanded={false}
        aria-haspopup="listbox"
        aria-owns="downshift-1-menu"
        className="chakra-stack css-loe1j3"
        role="combobox"
      >
        <input
          aria-autocomplete="list"
          aria-controls="downshift-1-menu"
          aria-labelledby="downshift-1-label"
          autoComplete="off"
          className="chakra-input css-0"
          id="downshift-1-input"
          onBlur={[Function]}
          onChange={[Function]}
          onClick={[Function]}
          onFocus={[Function]}
          onKeyDown={[Function]}
          placeholder="Type a Country"
          value=""
        />
        <button
          aria-label="toggle menu"
          className="chakra-button css-oqfhsh"
          id="downshift-1-toggle-button"
          onClick={[Function]}
          tabIndex={-1}
          type="button"
        >
          <svg
            className="chakra-icon css-onkibi"
            focusable={false}
            viewBox="0 0 24 24"
          >
            <path
              d="M20 12l-1.41-1.41L13 16.17V4h-2v12.17l-5.58-5.59L4 12l8 8 8-8z"
              fill="currentColor"
            />
          </svg>
        </button>
      </div>
      <div
        className="css-vm1uz1"
      >
        <ul
          aria-labelledby="downshift-1-label"
          className="css-1jrokhb"
          id="downshift-1-menu"
          onMouseLeave={[Function]}
          role="listbox"
        />
      </div>
    </div>
  </div>
</div>
`;
